// Jest Snapshot v1, https://goo.gl/fbAQLP

exports[`Character component renders Character component 1`] = `
<DocumentFragment>
  <div
    class="Character"
  >
    <p>
      Nigel
    </p>
    <img
      src="www.rock.com"
    />
    <p />
  </div>
</DocumentFragment>
`;
